
R version 3.1.2 (2014-10-31) -- "Pumpkin Helmet"
Copyright (C) 2014 The R Foundation for Statistical Computing
Platform: x86_64-apple-darwin13.4.0 (64-bit)

R is free software and comes with ABSOLUTELY NO WARRANTY.
You are welcome to redistribute it under certain conditions.
Type 'license()' or 'licence()' for distribution details.

  Natural language support but running in an English locale

R is a collaborative project with many contributors.
Type 'contributors()' for more information and
'citation()' on how to cite R or R packages in publications.

Type 'demo()' for some demos, 'help()' for on-line help, or
'help.start()' for an HTML browser interface to help.
Type 'q()' to quit R.

[R.app GUI 1.65 (6833) x86_64-apple-darwin13.4.0]

[Workspace restored from /Users/spcox/.RData]
[History restored from /Users/spcox/.Rapp.history]

> source("mseR.r")
Loading required package: coda
Loading required package: lattice
Loading required package: MASS
##
## Markov Chain Monte Carlo Package (MCMCpack)
## Copyright (C) 2003-2015 Andrew D. Martin, Kevin M. Quinn, and Jong Hee Park
##
## Support provided by the U.S. National Science Foundation
## (Grants SES-0350646 and SES-0350613)
##
> runMSE()
Error in read.table(file = parFile, as.is = TRUE, header = TRUE, skip = 1,  : 
  object '.CTLFILE' not found
> source("mseR.r")
> runMSE()
Error in exists(.CTLFILE) : object '.CTLFILE' not found
> .CTLFILE <- "simCtlFile.txt"